data/sales.csv
ID;BRAND;TYPE;DATE;QUANTITY;PRICE_PER_1
60000;ACER;PC;16.01.2000;8;2490
60004;ACER;PC;25.02.2000;6;2501
60007;ACER;PC;5.04.2000;6;2066
60011;ACER;PC;15.05.2000;6;1918
60016;ACER;PC;24.06.2000;9;2311
60020;ACER;PC;3.08.2000;10;2185
60025;ACER;PC;12.09.2000;7;2057
60029;ACER;PC;22.10.2000;7;2549
60033;ACER;PC;1.12.2000;5;2771
60036;ACER;PC;10.01.2001;6;2421
60041;ACER;PC;19.02.2001;8;2729
60046;ACER;PC;31.03.2001;6;2783
60050;ACER;PC;10.05.2001;8;2403
60057;ACER;PC;19.06.2001;10;2300
60060;ACER;PC;29.07.2001;8;2579
60064;ACER;PC;7.09.2001;10;2310
60069;ACER;PC;17.10.2001;4;2402
60073;ACER;PC;26.11.2001;5;2917
60078;ACER;PC;5.01.2002;4;2646
60083;ACER;PC;14.02.2002;7;2494
60089;ACER;PC;26.03.2002;5;2555
60093;ACER;PC;5.05.2002;5;3094
60098;ACER;PC;14.06.2002;6;3264
60101;ACER;PC;24.07.2002;7;3009
60106;ACER;PC;2.09.2002;8;2530
60112;ACER;PC;12.10.2002;9;3265
60116;ACER;PC;21.11.2002;5;3308
60120;ACER;PC;31.12.2002;8;3281
60125;ACER;PC;9.02.2003;7;2665
60133;ACER;PC;21.03.2003;9;3366
60136;ACER;PC;30.04.2003;8;3370
60145;ACER;PC;9.06.2003;7;3747
60148;ACER;PC;19.07.2003;5;3744
60152;ACER;PC;28.08.2003;6;3722
60162;ACER;PC;7.10.2003;6;3659
60166;ACER;PC;16.11.2003;10;3644
60172;ACER;PC;26.12.2003;9;2958
60177;ACER;PC;4.02.2004;9;3250
60185;ACER;PC;15.03.2004;7;3479
60188;ACER;PC;24.04.2004;9;3923
60196;ACER;PC;3.06.2004;8;3532
60201;ACER;PC;13.07.2004;4;3301
60205;ACER;PC;22.08.2004;6;3846
60214;ACER;PC;1.10.2004;9;3782
60217;ACER;PC;10.11.2004;8;3396
60225;ACER;PC;20.12.2004;8;3377
60230;ACER;PC;29.01.2005;5;3734
60235;ACER;PC;10.03.2005;8;3932
60240;ACER;PC;19.04.2005;7;3796
60248;ACER;PC;29.05.2005;9;4427
60253;ACER;PC;8.07.2005;8;4312
60258;ACER;PC;17.08.2005;5;4125
60264;ACER;PC;26.09.2005;10;4163
60269;ACER;PC;5.11.2005;9;3919
60276;ACER;PC;15.12.2005;4;4435
60284;ACER;PC;24.01.2006;9;4826
60288;ACER;PC;5.03.2006;10;4862
60291;ACER;PC;14.04.2006;8;4082
60300;ACER;PC;24.05.2006;7;4706
60304;ACER;PC;3.07.2006;8;4228
60309;ACER;PC;12.08.2006;9;4432
60316;ACER;PC;21.09.2006;7;4612
60321;ACER;PC;31.10.2006;10;4642
60328;ACER;PC;10.12.2006;8;4948
60333;ACER;PC;19.01.2007;7;5168
60339;ACER;PC;28.02.2007;10;4991
60345;ACER;PC;9.04.2007;6;5129
60352;ACER;PC;19.05.2007;4;4693
60356;ACER;PC;28.06.2007;8;5376
60362;ACER;PC;7.08.2007;5;5039
60369;ACER;PC;16.09.2007;7;5247
60374;ACER;PC;26.10.2007;9;5632
60378;ACER;PC;5.12.2007;7;4950
60386;ACER;PC;14.01.2008;7;5462
60391;ACER;PC;23.02.2008;5;5600
60398;ACER;PC;3.04.2008;8;5221
60405;ACER;PC;13.05.2008;5;4783
60407;ACER;PC;22.06.2008;9;4974
60413;ACER;PC;1.08.2008;4;5469
60420;ACER;PC;10.09.2008;8;5405
60427;ACER;PC;20.10.2008;7;5574
60432;ACER;PC;29.11.2008;9;5028
60437;ACER;PC;8.01.2009;6;5471
60448;ACER;PC;3.04.2009;1;5253
60456;ACER;PC;13.05.2009;2;5347
60460;ACER;PC;22.06.2009;3;5395
60465;ACER;PC;1.08.2009;3;5342
60471;ACER;PC;10.09.2009;4;5420
60479;ACER;PC;20.10.2009;4;5361
60483;ACER;PC;29.11.2009;2;5537
60491;ACER;PC;8.01.2010;4;5381
60495;ACER;PC;17.02.2010;2;5388
60500;ACER;PC;29.03.2010;2;5558
60508;ACER;PC;8.05.2010;2;5483
60514;ACER;PC;17.06.2010;4;5568
60519;ACER;PC;27.07.2010;4;5512
60527;ACER;PC;5.09.2010;2;5519
60531;ACER;PC;15.10.2010;4;5784
60539;ACER;PC;24.11.2010;4;5696
60545;ACER;PC;3.01.2011;3;5661
60554;ACER;PC;12.02.2011;2;5759
60556;ACER;PC;24.03.2011;2;5691
60563;ACER;PC;3.05.2011;3;5907
60570;ACER;PC;12.06.2011;2;5956
60575;ACER;PC;22.07.2011;3;5894
60584;ACER;PC;31.08.2011;3;6282
60587;ACER;PC;10.10.2011;2;6468
60594;ACER;PC;19.11.2011;4;6498
60601;ACER;PC;29.12.2011;2;6485
60608;ACER;PC;7.02.2012;3;6743
60614;ACER;PC;18.03.2012;1;6911
60620;ACER;PC;27.04.2012;4;7098
60625;ACER;PC;6.06.2012;3;7084
60632;ACER;PC;16.07.2012;1;7124
60639;ACER;PC;25.08.2012;2;7215
60645;ACER;PC;4.10.2012;3;7386
60651;ACER;PC;13.11.2012;2;7748
60656;ACER;PC;23.12.2012;3;8165
60663;ACER;PC;1.02.2013;3;8311
60669;ACER;PC;13.03.2013;2;8305
60676;ACER;PC;22.04.2013;1;8402
60682;ACER;PC;1.06.2013;4;8553
60687;ACER;PC;11.07.2013;1;8391
60695;ACER;PC;20.08.2013;3;8467
60703;ACER;PC;29.09.2013;4;8617
60710;ACER;PC;8.11.2013;1;8663
60715;ACER;PC;18.12.2013;2;8745
60721;ACER;PC;27.01.2014;1;8659
60727;ACER;PC;8.03.2014;1;8876
60735;ACER;PC;17.04.2014;1;9118
60742;ACER;PC;27.05.2014;3;9405
60747;ACER;PC;6.07.2014;4;9462
60753;ACER;PC;15.08.2014;1;9496
60760;ACER;PC;24.09.2014;2;9790
60768;ACER;PC;3.11.2014;4;10075
60773;ACER;PC;13.12.2014;4;10164
60780;ACER;PC;22.01.2015;1;10285
60786;ACER;PC;3.03.2015;1;10366
60794;ACER;PC;12.04.2015;1;10541
60800;ACER;PC;22.05.2015;2;10749
60807;ACER;PC;1.07.2015;4;10736
60813;ACER;PC;10.08.2015;3;10725
60819;ACER;PC;19.09.2015;2;10833
60826;ACER;PC;29.10.2015;2;11120
60833;ACER;PC;8.12.2015;1;11178
60841;ACER;PC;17.01.2016;3;11272
60846;ACER;PC;26.02.2016;3;11503
60852;ACER;PC;6.04.2016;1;11887
60859;ACER;PC;16.05.2016;4;11900
60865;ACER;PC;25.06.2016;2;12131
60872;ACER;PC;4.08.2016;3;12325
60879;ACER;PC;13.09.2016;3;12566
60885;ACER;PC;23.10.2016;3;12636
60892;ACER;PC;2.12.2016;1;12731
60899;ACER;PC;11.01.2017;2;12827
60906;ACER;PC;20.02.2017;4;12798
60911;ACER;PC;1.04.2017;1;12966
60917;ACER;PC;11.05.2017;4;12891
60924;ACER;PC;20.06.2017;3;13039
60931;ACER;PC;30.07.2017;3;13355
60938;ACER;PC;8.09.2017;2;13543
60944;ACER;PC;18.10.2017;2;13619
60950;ACER;PC;27.11.2017;2;13596
60958;ACER;PC;6.01.2018;2;13778
60965;ACER;PC;15.02.2018;2;13828
60971;ACER;PC;27.03.2018;1;14052
60977;ACER;PC;6.05.2018;1;14153
60983;ACER;PC;15.06.2018;2;14219
60990;ACER;PC;25.07.2018;3;14431
60996;ACER;PC;3.09.2018;4;14755
61005;ACER;PC;13.10.2018;2;14951
61009;ACER;PC;22.11.2018;1;15127
61016;ACER;PC;1.01.2019;3;14987
61022;ACER;PC;10.02.2019;3;15034
61029;ACER;PC;22.03.2019;3;15026
61038;ACER;PC;1.05.2019;1;15120
61042;ACER;PC;10.06.2019;4;15181
61048;ACER;PC;20.07.2019;4;15327
61056;ACER;PC;29.08.2019;3;15228
61061;ACER;PC;8.10.2019;2;15498
61067;ACER;PC;17.11.2019;2;15585
61070;ACER;PC;27.12.2019;2;16116
61075;ACER;PC;5.02.2020;4;16215
60002;HP;LAPTOP;14.02.2000;1;1100
60010;HP;LAPTOP;24.04.2000;1;1095
60017;HP;LAPTOP;3.07.2000;4;1072
60024;HP;LAPTOP;11.09.2000;1;1054
60032;HP;LAPTOP;20.11.2000;3;1053
60039;HP;LAPTOP;29.01.2001;1;1037
60048;HP;LAPTOP;9.04.2001;3;1053
60056;HP;LAPTOP;18.06.2001;2;1058
60063;HP;LAPTOP;27.08.2001;3;1085
60071;HP;LAPTOP;5.11.2001;2;1120
60080;HP;LAPTOP;14.01.2002;2;1121
60088;HP;LAPTOP;25.03.2002;3;1142
60096;HP;LAPTOP;3.06.2002;3;1115
60104;HP;LAPTOP;12.08.2002;3;1104
60113;HP;LAPTOP;21.10.2002;2;1142
60119;HP;LAPTOP;30.12.2002;2;1170
60131;HP;LAPTOP;10.03.2003;2;1170
60138;HP;LAPTOP;19.05.2003;2;1200
60150;HP;LAPTOP;28.07.2003;1;1195
60161;HP;LAPTOP;6.10.2003;1;1182
60170;HP;LAPTOP;15.12.2003;3;1195
60181;HP;LAPTOP;23.02.2004;2;1191
60191;HP;LAPTOP;3.05.2004;1;1204
60200;HP;LAPTOP;12.07.2004;2;1232
60210;HP;LAPTOP;20.09.2004;2;1259
60220;HP;LAPTOP;29.11.2004;3;1295
60232;HP;LAPTOP;7.02.2005;2;1319
60239;HP;LAPTOP;18.04.2005;1;1330
60252;HP;LAPTOP;27.06.2005;1;1334
60261;HP;LAPTOP;5.09.2005;4;1355
60270;HP;LAPTOP;14.11.2005;1;1371
60283;HP;LAPTOP;23.01.2006;5;1376
60290;HP;LAPTOP;3.04.2006;2;1379
60302;HP;LAPTOP;12.06.2006;3;1389
60312;HP;LAPTOP;21.08.2006;1;1402
60320;HP;LAPTOP;30.10.2006;1;1385
60331;HP;LAPTOP;8.01.2007;5;1377
60341;HP;LAPTOP;19.03.2007;3;1409
60354;HP;LAPTOP;28.05.2007;2;1424
60361;HP;LAPTOP;6.08.2007;1;1450
60371;HP;LAPTOP;15.10.2007;3;1472
60383;HP;LAPTOP;24.12.2007;3;1491
60392;HP;LAPTOP;3.03.2008;2;1513
60404;HP;LAPTOP;12.05.2008;2;1498
60412;HP;LAPTOP;21.07.2008;2;1499
60422;HP;LAPTOP;29.09.2008;3;1476
60435;HP;LAPTOP;8.12.2008;2;1449
60442;HP;LAPTOP;16.02.2009;1;1482
60452;HP;LAPTOP;27.04.2009;1;1479
60462;HP;LAPTOP;6.07.2009;3;1487
60472;HP;LAPTOP;14.09.2009;1;1515
60482;HP;LAPTOP;23.11.2009;3;1551
60494;HP;LAPTOP;1.02.2010;1;1601
60499;HP;LAPTOP;13.03.2010;3;1667
60505;HP;LAPTOP;22.04.2010;10;1671
60512;HP;LAPTOP;1.06.2010;2;1720
60516;HP;LAPTOP;11.07.2010;3;1787
60524;HP;LAPTOP;20.08.2010;7;1810
60530;HP;LAPTOP;29.09.2010;4;1871
60537;HP;LAPTOP;8.11.2010;2;1892
60543;HP;LAPTOP;18.12.2010;3;1936
60548;HP;LAPTOP;27.01.2011;4;1984
60555;HP;LAPTOP;8.03.2011;8;2043
60560;HP;LAPTOP;17.04.2011;2;2054
60569;HP;LAPTOP;27.05.2011;6;2119
60573;HP;LAPTOP;6.07.2011;7;2130
60578;HP;LAPTOP;15.08.2011;1;2145
60586;HP;LAPTOP;24.09.2011;4;2204
60592;HP;LAPTOP;3.11.2011;8;2274
60597;HP;LAPTOP;13.12.2011;1;2318
60606;HP;LAPTOP;22.01.2012;5;2376
60611;HP;LAPTOP;2.03.2012;7;2384
60616;HP;LAPTOP;11.04.2012;7;2407
60623;HP;LAPTOP;21.05.2012;4;2464
60631;HP;LAPTOP;30.06.2012;2;2493
60636;HP;LAPTOP;9.08.2012;3;2561
60641;HP;LAPTOP;18.09.2012;6;2600
60649;HP;LAPTOP;28.10.2012;9;2629
60655;HP;LAPTOP;7.12.2012;1;2682
60662;HP;LAPTOP;16.01.2013;3;2709
60668;HP;LAPTOP;25.02.2013;5;2768
60671;HP;LAPTOP;6.04.2013;8;2825
60681;HP;LAPTOP;16.05.2013;6;2888
60686;HP;LAPTOP;25.06.2013;3;2934
60693;HP;LAPTOP;4.08.2013;5;2955
60700;HP;LAPTOP;13.09.2013;8;2985
60707;HP;LAPTOP;23.10.2013;5;3036
60712;HP;LAPTOP;2.12.2013;4;3045
60720;HP;LAPTOP;11.01.2014;1;3060
60726;HP;LAPTOP;20.02.2014;4;3129
60733;HP;LAPTOP;1.04.2014;11;3184
60738;HP;LAPTOP;11.05.2014;4;3223
60746;HP;LAPTOP;20.06.2014;8;3271
60751;HP;LAPTOP;30.07.2014;8;3302
60759;HP;LAPTOP;8.09.2014;8;3303
60766;HP;LAPTOP;18.10.2014;6;3365
60770;HP;LAPTOP;27.11.2014;7;3404
60778;HP;LAPTOP;6.01.2015;1;3424
60785;HP;LAPTOP;15.02.2015;8;3471
60791;HP;LAPTOP;27.03.2015;6;3530
60799;HP;LAPTOP;6.05.2015;6;3579
60803;HP;LAPTOP;15.06.2015;4;3590
60810;HP;LAPTOP;25.07.2015;4;3618
60817;HP;LAPTOP;3.09.2015;9;3683
60825;HP;LAPTOP;13.10.2015;7;3750
60831;HP;LAPTOP;22.11.2015;3;3791
60837;HP;LAPTOP;1.01.2016;2;3861
60844;HP;LAPTOP;10.02.2016;2;3902
60849;HP;LAPTOP;21.03.2016;6;3926
60857;HP;LAPTOP;30.04.2016;7;3949
60864;HP;LAPTOP;9.06.2016;2;3965
60869;HP;LAPTOP;19.07.2016;7;4009
60876;HP;LAPTOP;28.08.2016;7;4071
60883;HP;LAPTOP;7.10.2016;3;4105
60890;HP;LAPTOP;16.11.2016;11;4105
60897;HP;LAPTOP;26.12.2016;4;4151
60902;HP;LAPTOP;4.02.2017;1;4201
60909;HP;LAPTOP;16.03.2017;7;4270
60916;HP;LAPTOP;25.04.2017;2;4325
60923;HP;LAPTOP;4.06.2017;2;4335
60929;HP;LAPTOP;14.07.2017;3;4404
60935;HP;LAPTOP;23.08.2017;2;4408
60942;HP;LAPTOP;2.10.2017;6;4428
60947;HP;LAPTOP;11.11.2017;3;4486
60957;HP;LAPTOP;21.12.2017;3;4509
60962;HP;LAPTOP;30.01.2018;7;4524
60968;HP;LAPTOP;11.03.2018;9;4532
60974;HP;LAPTOP;20.04.2018;2;4554
60982;HP;LAPTOP;30.05.2018;2;4609
60988;HP;LAPTOP;9.07.2018;7;4626
60995;HP;LAPTOP;18.08.2018;5;4638
61000;HP;LAPTOP;27.09.2018;5;4694
61007;HP;LAPTOP;6.11.2018;4;4706
61014;HP;LAPTOP;16.12.2018;7;4771
61021;HP;LAPTOP;25.01.2019;3;4781
61026;HP;LAPTOP;6.03.2019;11;4844
61034;HP;LAPTOP;15.04.2019;7;4885
61040;HP;LAPTOP;25.05.2019;6;4927
61047;HP;LAPTOP;4.07.2019;4;4995
61054;HP;LAPTOP;13.08.2019;9;5039
61059;HP;LAPTOP;22.09.2019;6;5047
61063;HP;LAPTOP;1.11.2019;6;5096
61069;HP;LAPTOP;11.12.2019;5;5141
61074;HP;LAPTOP;20.01.2020;7;5199
60003;APPLE;LAPTOP;23.02.2000;4;4500
60009;APPLE;LAPTOP;13.04.2000;4;4491
60014;APPLE;LAPTOP;2.06.2000;3;4508
60019;APPLE;LAPTOP;22.07.2000;4;4541
60023;APPLE;LAPTOP;10.09.2000;4;4551
60030;APPLE;LAPTOP;30.10.2000;2;4545
60035;APPLE;LAPTOP;19.12.2000;4;4559
60040;APPLE;LAPTOP;7.02.2001;2;4588
60045;APPLE;LAPTOP;29.03.2001;3;4618
60052;APPLE;LAPTOP;18.05.2001;2;4625
60058;APPLE;LAPTOP;7.07.2001;2;4624
60062;APPLE;LAPTOP;26.08.2001;4;4636
60068;APPLE;LAPTOP;15.10.2001;3;4659
60075;APPLE;LAPTOP;4.12.2001;3;4662
60081;APPLE;LAPTOP;23.01.2002;2;4696
60086;APPLE;LAPTOP;14.03.2002;3;4708
60092;APPLE;LAPTOP;3.05.2002;3;4757
60099;APPLE;LAPTOP;22.06.2002;4;4766
60103;APPLE;LAPTOP;11.08.2002;2;4784
60110;APPLE;LAPTOP;30.09.2002;2;4815
60115;APPLE;LAPTOP;19.11.2002;4;4818
60123;APPLE;LAPTOP;8.01.2003;2;4835
60127;APPLE;LAPTOP;27.02.2003;2;4845
60135;APPLE;LAPTOP;18.04.2003;2;4878
60143;APPLE;LAPTOP;7.06.2003;4;4895
60149;APPLE;LAPTOP;27.07.2003;3;4928
60157;APPLE;LAPTOP;15.09.2003;2;4945
60164;APPLE;LAPTOP;4.11.2003;4;4983
60171;APPLE;LAPTOP;24.12.2003;3;4982
60178;APPLE;LAPTOP;12.02.2004;2;4995
60186;APPLE;LAPTOP;2.04.2004;4;5034
60192;APPLE;LAPTOP;22.05.2004;4;5084
60199;APPLE;LAPTOP;11.07.2004;2;5110
60207;APPLE;LAPTOP;30.08.2004;3;5150
60215;APPLE;LAPTOP;19.10.2004;2;5168
60222;APPLE;LAPTOP;8.12.2004;2;5200
60229;APPLE;LAPTOP;27.01.2005;2;5202
60236;APPLE;LAPTOP;18.03.2005;2;5224
60243;APPLE;LAPTOP;7.05.2005;3;5240
60251;APPLE;LAPTOP;26.06.2005;4;5271
60257;APPLE;LAPTOP;15.08.2005;4;5284
60266;APPLE;LAPTOP;4.10.2005;2;5294
60272;APPLE;LAPTOP;23.11.2005;4;5328
60278;APPLE;LAPTOP;12.01.2006;2;5353
60287;APPLE;LAPTOP;3.03.2006;3;5346
60295;APPLE;LAPTOP;22.04.2006;4;5359
60301;APPLE;LAPTOP;11.06.2006;4;5401
60307;APPLE;LAPTOP;31.07.2006;4;5424
60315;APPLE;LAPTOP;19.09.2006;4;5462
60324;APPLE;LAPTOP;8.11.2006;3;5472
60330;APPLE;LAPTOP;28.12.2006;3;5501
60337;APPLE;LAPTOP;16.02.2007;3;5499
60344;APPLE;LAPTOP;7.04.2007;2;5527
60353;APPLE;LAPTOP;27.05.2007;3;5577
60359;APPLE;LAPTOP;16.07.2007;4;5596
60367;APPLE;LAPTOP;4.09.2007;2;5629
60373;APPLE;LAPTOP;24.10.2007;4;5664
60381;APPLE;LAPTOP;13.12.2007;3;5696
60388;APPLE;LAPTOP;1.02.2008;2;5722
60395;APPLE;LAPTOP;22.03.2008;4;5735
60402;APPLE;LAPTOP;11.05.2008;4;5733
60409;APPLE;LAPTOP;30.06.2008;3;5754
60417;APPLE;LAPTOP;19.08.2008;2;5804
60425;APPLE;LAPTOP;8.10.2008;4;5836
60430;APPLE;LAPTOP;27.11.2008;4;5868
60439;APPLE;LAPTOP;16.01.2009;3;5861
60446;APPLE;LAPTOP;7.03.2009;2;5910
60451;APPLE;LAPTOP;26.04.2009;2;5942
60459;APPLE;LAPTOP;15.06.2009;4;5938
60467;APPLE;LAPTOP;4.08.2009;2;5962
60474;APPLE;LAPTOP;23.09.2009;2;6012
60481;APPLE;LAPTOP;12.11.2009;2;6012
60489;APPLE;LAPTOP;1.01.2010;2;6012
60496;APPLE;LAPTOP;20.02.2010;4;6057
60503;APPLE;LAPTOP;11.04.2010;3;6052
60511;APPLE;LAPTOP;31.05.2010;4;6045
60518;APPLE;LAPTOP;20.07.2010;4;6048
60528;APPLE;LAPTOP;8.09.2010;3;6086
60534;APPLE;LAPTOP;28.10.2010;4;6133
60542;APPLE;LAPTOP;17.12.2010;4;6175
60551;APPLE;LAPTOP;5.02.2011;4;6168
60558;APPLE;LAPTOP;27.03.2011;2;6173
60566;APPLE;LAPTOP;16.05.2011;4;6189
60572;APPLE;LAPTOP;5.07.2011;3;6202
60582;APPLE;LAPTOP;24.08.2011;3;6197
60589;APPLE;LAPTOP;13.10.2011;4;6217
60596;APPLE;LAPTOP;2.12.2011;4;6237
60604;APPLE;LAPTOP;21.01.2012;3;6266
60612;APPLE;LAPTOP;11.03.2012;4;6286
60621;APPLE;LAPTOP;30.04.2012;4;6298
60628;APPLE;LAPTOP;19.06.2012;4;6288
60635;APPLE;LAPTOP;8.08.2012;3;6278
60643;APPLE;LAPTOP;27.09.2012;4;6292
60653;APPLE;LAPTOP;16.11.2012;4;6292
60658;APPLE;LAPTOP;5.01.2013;2;6337
60667;APPLE;LAPTOP;24.02.2013;2;6379
60673;APPLE;LAPTOP;15.04.2013;4;6407
60683;APPLE;LAPTOP;4.06.2013;2;6397
60692;APPLE;LAPTOP;24.07.2013;4;6416
60699;APPLE;LAPTOP;12.09.2013;2;6407
60708;APPLE;LAPTOP;1.11.2013;4;6455
60717;APPLE;LAPTOP;21.12.2013;4;6445
60724;APPLE;LAPTOP;9.02.2014;4;6477
60732;APPLE;LAPTOP;31.03.2014;3;6526
60740;APPLE;LAPTOP;20.05.2014;3;6540
60749;APPLE;LAPTOP;9.07.2014;3;6572
60757;APPLE;LAPTOP;28.08.2014;3;6618
60764;APPLE;LAPTOP;17.10.2014;4;6632
60772;APPLE;LAPTOP;6.12.2014;2;6653
60783;APPLE;LAPTOP;25.01.2015;3;6671
60789;APPLE;LAPTOP;16.03.2015;2;6684
60798;APPLE;LAPTOP;5.05.2015;2;6677
60806;APPLE;LAPTOP;24.06.2015;2;6726
60815;APPLE;LAPTOP;13.08.2015;4;6772
60821;APPLE;LAPTOP;2.10.2015;2;6769
60830;APPLE;LAPTOP;21.11.2015;3;6796
60839;APPLE;LAPTOP;10.01.2016;4;6825
60848;APPLE;LAPTOP;29.02.2016;4;6857
60855;APPLE;LAPTOP;19.04.2016;4;6855
60863;APPLE;LAPTOP;8.06.2016;3;6896
60871;APPLE;LAPTOP;28.07.2016;2;6902
60880;APPLE;LAPTOP;16.09.2016;2;6931
60888;APPLE;LAPTOP;5.11.2016;2;6954
60895;APPLE;LAPTOP;25.12.2016;4;6983
60904;APPLE;LAPTOP;13.02.2017;4;7008
60914;APPLE;LAPTOP;4.04.2017;2;7019
60920;APPLE;LAPTOP;24.05.2017;4;7011
60928;APPLE;LAPTOP;13.07.2017;4;7061
60936;APPLE;LAPTOP;1.09.2017;4;7087
60946;APPLE;LAPTOP;21.10.2017;3;7101
60953;APPLE;LAPTOP;10.12.2017;3;7143
60961;APPLE;LAPTOP;29.01.2018;3;7193
60969;APPLE;LAPTOP;20.03.2018;3;7229
60978;APPLE;LAPTOP;9.05.2018;4;7240
60986;APPLE;LAPTOP;28.06.2018;4;7282
60994;APPLE;LAPTOP;17.08.2018;2;7295
61003;APPLE;LAPTOP;6.10.2018;3;7324
61011;APPLE;LAPTOP;25.11.2018;3;7364
61018;APPLE;LAPTOP;14.01.2019;2;7412
61025;APPLE;LAPTOP;5.03.2019;3;7436
61035;APPLE;LAPTOP;24.04.2019;2;7464
61044;APPLE;LAPTOP;13.06.2019;3;7511
61051;APPLE;LAPTOP;2.08.2019;4;7528
61058;APPLE;LAPTOP;21.09.2019;3;7519
61065;APPLE;LAPTOP;10.11.2019;4;7534
61071;APPLE;LAPTOP;30.12.2019;2;7583
