data/sales.csv
ID;BRAND;TYPE;DATE;QUANTITY;PRICE_PER_1
60005;ASUS;LAPTOP;1.03.2000;2;2404
60012;ASUS;LAPTOP;20.05.2000;2;3287
60021;ASUS;LAPTOP;12.08.2000;2;2513
60028;ASUS;LAPTOP;11.10.2000;-1;2529
60037;ASUS;LAPTOP;11.01.2001;1;2265
60047;ASUS;LAPTOP;7.04.2001;-1;3011
60053;ASUS;LAPTOP;14.06.2001;1;3239
60065;ASUS;LAPTOP;10.09.2001;2;2728
60074;ASUS;LAPTOP;3.12.2001;2;2801
60084;ASUS;LAPTOP;18.02.2002;2;2244
60091;ASUS;LAPTOP;27.04.2002;2;2895
60102;ASUS;LAPTOP;1.08.2002;1;3038
60111;ASUS;LAPTOP;3.10.2002;1;2869
60121;ASUS;LAPTOP;4.01.2003;2;2588
60132;ASUS;LAPTOP;19.03.2003;2;2922
60142;ASUS;LAPTOP;5.06.2003;1;2668
60153;ASUS;LAPTOP;30.08.2003;-1;2346
60167;ASUS;LAPTOP;21.11.2003;1;2522
60175;ASUS;LAPTOP;26.01.2004;1;2318
60190;ASUS;LAPTOP;3.05.2004;-1;3006
60202;ASUS;LAPTOP;13.07.2004;2;3275
60212;ASUS;LAPTOP;23.09.2004;2;2795
60224;ASUS;LAPTOP;15.12.2004;1;3452
60238;ASUS;LAPTOP;19.03.2005;-1;2820
60245;ASUS;LAPTOP;22.05.2005;1;2668
60256;ASUS;LAPTOP;13.08.2005;2;2451
60268;ASUS;LAPTOP;25.10.2005;-1;3115
60279;ASUS;LAPTOP;14.01.2006;2;2769
60293;ASUS;LAPTOP;18.04.2006;1;2274
60305;ASUS;LAPTOP;5.07.2006;-1;2629
60318;ASUS;LAPTOP;29.09.2006;-1;2519
60327;ASUS;LAPTOP;1.12.2006;1;3346
60340;ASUS;LAPTOP;7.03.2007;2;2931
60349;ASUS;LAPTOP;16.05.2007;1;3153
60363;ASUS;LAPTOP;9.08.2007;1;2304
60375;ASUS;LAPTOP;28.10.2007;1;2635
60387;ASUS;LAPTOP;15.01.2008;-1;3187
60397;ASUS;LAPTOP;31.03.2008;2;2437
60410;ASUS;LAPTOP;30.06.2008;1;2824
60421;ASUS;LAPTOP;18.09.2008;1;2582
60431;ASUS;LAPTOP;28.11.2008;-1;3062
60444;ASUS;LAPTOP;21.02.2009;-1;3138
60453;ASUS;LAPTOP;29.04.2009;2;3331
60463;ASUS;LAPTOP;28.07.2009;2;2688
60477;ASUS;LAPTOP;13.10.2009;-1;2774
60486;ASUS;LAPTOP;23.12.2009;-1;2903
60498;ASUS;LAPTOP;13.03.2010;-1;3148
60513;ASUS;LAPTOP;4.06.2010;2;3178
60523;ASUS;LAPTOP;20.08.2010;-1;3494
60538;ASUS;LAPTOP;17.11.2010;2;3253
60550;ASUS;LAPTOP;2.02.2011;2;3064
60564;ASUS;LAPTOP;6.05.2011;1;2740
60574;ASUS;LAPTOP;21.07.2011;2;2362
60588;ASUS;LAPTOP;10.10.2011;2;2372
60600;ASUS;LAPTOP;24.12.2011;1;3040
60613;ASUS;LAPTOP;17.03.2012;2;2978
60624;ASUS;LAPTOP;5.06.2012;-1;3012
60637;ASUS;LAPTOP;17.08.2012;2;3067
60650;ASUS;LAPTOP;11.11.2012;2;3303
60664;ASUS;LAPTOP;3.02.2013;2;3204
60677;ASUS;LAPTOP;24.04.2013;1;3432
60689;ASUS;LAPTOP;12.07.2013;1;3629
60702;ASUS;LAPTOP;25.09.2013;1;3742
60714;ASUS;LAPTOP;17.12.2013;-1;3766
60729;ASUS;LAPTOP;12.03.2014;2;4106
60743;ASUS;LAPTOP;29.05.2014;2;4187
60752;ASUS;LAPTOP;14.08.2014;2;4332
60767;ASUS;LAPTOP;31.10.2014;1;4343
60781;ASUS;LAPTOP;22.01.2015;1;4496
60792;ASUS;LAPTOP;5.04.2015;1;4689
60804;ASUS;LAPTOP;17.06.2015;-1;4664
60818;ASUS;LAPTOP;16.09.2015;-1;4829
60832;ASUS;LAPTOP;23.11.2015;-1;4921
60845;ASUS;LAPTOP;22.02.2016;1;5001
60858;ASUS;LAPTOP;4.05.2016;2;5148
60873;ASUS;LAPTOP;6.08.2016;1;5172
60884;ASUS;LAPTOP;12.10.2016;2;5282
60898;ASUS;LAPTOP;4.01.2017;2;5276
60912;ASUS;LAPTOP;2.04.2017;1;5243
60926;ASUS;LAPTOP;23.06.2017;1;5505
60937;ASUS;LAPTOP;6.09.2017;-1;5828
60949;ASUS;LAPTOP;15.11.2017;1;5805
60964;ASUS;LAPTOP;7.02.2018;2;5949
60975;ASUS;LAPTOP;28.04.2018;2;5836
60991;ASUS;LAPTOP;25.07.2018;1;5945
61002;ASUS;LAPTOP;5.10.2018;2;6080
61015;ASUS;LAPTOP;21.12.2018;2;6148
61031;ASUS;LAPTOP;25.03.2019;-1;6157
61041;ASUS;LAPTOP;5.06.2019;1;6001
61055;ASUS;LAPTOP;25.08.2019;1;6305
60008;ACER;LAPTOP;12.04.2000;10;2246
60015;ACER;LAPTOP;18.06.2000;3;3969
60022;ACER;LAPTOP;30.08.2000;8;2942
60027;ACER;LAPTOP;1.10.2000;5;2542
60034;ACER;LAPTOP;13.12.2000;5;2554
60042;ACER;LAPTOP;27.02.2001;14;2189
60049;ACER;LAPTOP;14.04.2001;9;2279
60055;ACER;LAPTOP;18.06.2001;6;2956
60061;ACER;LAPTOP;20.08.2001;12;2172
60070;ACER;LAPTOP;24.10.2001;20;1901
60077;ACER;LAPTOP;20.12.2001;5;3014
60082;ACER;LAPTOP;8.02.2002;7;2811
60090;ACER;LAPTOP;14.04.2002;12;2275
60095;ACER;LAPTOP;30.05.2002;14;2103
60105;ACER;LAPTOP;20.08.2002;7;2585
60109;ACER;LAPTOP;29.09.2002;9;2725
60117;ACER;LAPTOP;30.11.2002;12;2506
60124;ACER;LAPTOP;9.02.2003;17;2058
60134;ACER;LAPTOP;22.03.2003;6;2818
60139;ACER;LAPTOP;21.05.2003;17;2015
60151;ACER;LAPTOP;31.07.2003;12;2361
60159;ACER;LAPTOP;21.09.2003;16;1708
60168;ACER;LAPTOP;28.11.2003;8;2879
60179;ACER;LAPTOP;14.02.2004;17;1999
60184;ACER;LAPTOP;15.03.2004;19;1944
60197;ACER;LAPTOP;5.06.2004;4;4075
60204;ACER;LAPTOP;5.08.2004;9;2250
60211;ACER;LAPTOP;23.09.2004;11;2083
60218;ACER;LAPTOP;20.11.2004;13;2196
60227;ACER;LAPTOP;15.01.2005;10;2132
60237;ACER;LAPTOP;19.03.2005;8;2787
60246;ACER;LAPTOP;24.05.2005;4;3320
60254;ACER;LAPTOP;28.07.2005;1;4170
60263;ACER;LAPTOP;20.09.2005;5;2964
60275;ACER;LAPTOP;4.12.2005;5;2635
60282;ACER;LAPTOP;20.01.2006;15;2167
60289;ACER;LAPTOP;1.04.2006;0;3782
60298;ACER;LAPTOP;22.05.2006;2;3747
60308;ACER;LAPTOP;3.08.2006;17;2155
60317;ACER;LAPTOP;25.09.2006;2;3519
60322;ACER;LAPTOP;1.11.2006;8;2415
60334;ACER;LAPTOP;24.01.2007;4;3477
60342;ACER;LAPTOP;30.03.2007;12;2235
60351;ACER;LAPTOP;19.05.2007;9;2897
60358;ACER;LAPTOP;16.07.2007;10;2152
60366;ACER;LAPTOP;30.08.2007;1;3921
60376;ACER;LAPTOP;10.11.2007;10;2584
60384;ACER;LAPTOP;27.12.2007;9;2699
60393;ACER;LAPTOP;14.03.2008;15;1846
60401;ACER;LAPTOP;6.05.2008;7;2729
60411;ACER;LAPTOP;6.07.2008;8;2279
60418;ACER;LAPTOP;28.08.2008;16;1910
60429;ACER;LAPTOP;13.11.2008;7;3099
60438;ACER;LAPTOP;13.01.2009;4;3010
60443;ACER;LAPTOP;21.02.2009;16;2005
60450;ACER;LAPTOP;17.04.2009;17;1899
60461;ACER;LAPTOP;29.06.2009;12;2481
60469;ACER;LAPTOP;26.08.2009;6;2822
60478;ACER;LAPTOP;20.10.2009;17;2025
60485;ACER;LAPTOP;22.12.2009;9;2972
60497;ACER;LAPTOP;24.02.2010;17;1869
60504;ACER;LAPTOP;17.04.2010;19;1984
60515;ACER;LAPTOP;21.06.2010;3;3316
60522;ACER;LAPTOP;13.08.2010;6;2717
60532;ACER;LAPTOP;20.10.2010;11;2125
60541;ACER;LAPTOP;17.12.2010;16;1834
60553;ACER;LAPTOP;10.02.2011;20;2007
60559;ACER;LAPTOP;15.04.2011;17;1948
60571;ACER;LAPTOP;19.06.2011;9;2708
60581;ACER;LAPTOP;24.08.2011;3;2767
60593;ACER;LAPTOP;5.11.2011;13;1877
60599;ACER;LAPTOP;23.12.2011;5;2717
60609;ACER;LAPTOP;24.02.2012;9;2431
60617;ACER;LAPTOP;14.04.2012;20;2045
60626;ACER;LAPTOP;9.06.2012;2;3705
60638;ACER;LAPTOP;23.08.2012;19;1988
60646;ACER;LAPTOP;12.10.2012;8;2684
60654;ACER;LAPTOP;6.12.2012;19;2069
60665;ACER;LAPTOP;5.02.2013;13;2109
60679;ACER;LAPTOP;28.04.2013;14;2402
60684;ACER;LAPTOP;22.06.2013;18;1859
60694;ACER;LAPTOP;7.08.2013;10;2264
60704;ACER;LAPTOP;9.10.2013;15;1932
60713;ACER;LAPTOP;11.12.2013;18;1780
60722;ACER;LAPTOP;29.01.2014;14;2021
60731;ACER;LAPTOP;27.03.2014;14;2006
60744;ACER;LAPTOP;30.05.2014;13;2099
60755;ACER;LAPTOP;19.08.2014;15;2265
60765;ACER;LAPTOP;18.10.2014;6;2839
60775;ACER;LAPTOP;19.12.2014;14;1846
60782;ACER;LAPTOP;23.01.2015;16;1870
60790;ACER;LAPTOP;26.03.2015;9;2430
60801;ACER;LAPTOP;12.06.2015;19;1873
60811;ACER;LAPTOP;3.08.2015;6;2854
60823;ACER;LAPTOP;10.10.2015;0;3494
60829;ACER;LAPTOP;17.11.2015;7;2557
60842;ACER;LAPTOP;3.02.2016;13;2587
60850;ACER;LAPTOP;25.03.2016;8;3096
60860;ACER;LAPTOP;18.05.2016;14;2285
60868;ACER;LAPTOP;15.07.2016;7;2588
60877;ACER;LAPTOP;8.09.2016;14;2489
60891;ACER;LAPTOP;25.11.2016;13;2333
60900;ACER;LAPTOP;26.01.2017;4;2702
60908;ACER;LAPTOP;12.03.2017;10;2122
60919;ACER;LAPTOP;18.05.2017;10;2610
60932;ACER;LAPTOP;31.07.2017;10;2303
60940;ACER;LAPTOP;24.09.2017;9;2712
60948;ACER;LAPTOP;15.11.2017;14;1821
60959;ACER;LAPTOP;25.01.2018;2;3714
60967;ACER;LAPTOP;9.03.2018;19;1873
60980;ACER;LAPTOP;14.05.2018;12;2248
60989;ACER;LAPTOP;14.07.2018;11;2364
60997;ACER;LAPTOP;7.09.2018;21;2021
61008;ACER;LAPTOP;10.11.2018;3;2647
61019;ACER;LAPTOP;19.01.2019;8;2847
61032;ACER;LAPTOP;27.03.2019;6;2902
61037;ACER;LAPTOP;29.04.2019;21;1922
61046;ACER;LAPTOP;2.07.2019;8;3067
61060;ACER;LAPTOP;24.09.2019;13;2381
61062;ACER;LAPTOP;27.10.2019;12;2336
60044;MSI;PC;19.03.2001;5;3181
60054;MSI;PC;17.06.2001;6;2969
60067;MSI;PC;15.09.2001;6;3171
60076;MSI;PC;14.12.2001;6;3052
60087;MSI;PC;14.03.2002;8;2993
60097;MSI;PC;12.06.2002;5;2913
60108;MSI;PC;10.09.2002;7;2883
60118;MSI;PC;9.12.2002;5;2974
60130;MSI;PC;9.03.2003;5;3074
60144;MSI;PC;7.06.2003;6;3049
60155;MSI;PC;5.09.2003;8;3055
60169;MSI;PC;4.12.2003;6;3029
60183;MSI;PC;3.03.2004;5;2932
60195;MSI;PC;1.06.2004;6;2852
60208;MSI;PC;30.08.2004;7;2939
60219;MSI;PC;28.11.2004;6;3071
60234;MSI;PC;26.02.2005;4;2904
60247;MSI;PC;27.05.2005;9;2934
60260;MSI;PC;25.08.2005;5;2865
60273;MSI;PC;23.11.2005;7;2804
60286;MSI;PC;21.02.2006;8;2828
60299;MSI;PC;22.05.2006;9;2863
60311;MSI;PC;20.08.2006;6;2817
60326;MSI;PC;18.11.2006;7;2873
60338;MSI;PC;16.02.2007;6;2917
60350;MSI;PC;17.05.2007;6;2720
60365;MSI;PC;15.08.2007;5;2831
60377;MSI;PC;13.11.2007;8;3003
60390;MSI;PC;11.02.2008;7;2874
60403;MSI;PC;11.05.2008;6;2832
60415;MSI;PC;9.08.2008;5;2721
60428;MSI;PC;7.11.2008;6;2847
60441;MSI;PC;5.02.2009;5;2830
60455;MSI;PC;6.05.2009;8;2696
60468;MSI;PC;4.08.2009;8;2898
60480;MSI;PC;2.11.2009;8;2747
60493;MSI;PC;31.01.2010;6;2667
60507;MSI;PC;1.05.2010;8;2644
60521;MSI;PC;30.07.2010;7;2635
60535;MSI;PC;28.10.2010;5;2815
60547;MSI;PC;26.01.2011;9;2631
60562;MSI;PC;26.04.2011;6;2720
60577;MSI;PC;25.07.2011;5;2680
60591;MSI;PC;23.10.2011;4;2672
60605;MSI;PC;21.01.2012;9;2735
60618;MSI;PC;20.04.2012;5;2535
60634;MSI;PC;19.07.2012;8;2716
60647;MSI;PC;17.10.2012;7;2492
60661;MSI;PC;15.01.2013;5;2609
60674;MSI;PC;15.04.2013;6;2721
60690;MSI;PC;14.07.2013;2;2731
60705;MSI;PC;12.10.2013;7;2455
60719;MSI;PC;10.01.2014;4;2534
60734;MSI;PC;10.04.2014;4;2556
60750;MSI;PC;9.07.2014;4;2422
60761;MSI;PC;7.10.2014;3;2498
60777;MSI;PC;5.01.2015;7;2313
60793;MSI;PC;5.04.2015;4;2577
60809;MSI;PC;4.07.2015;6;2461
60822;MSI;PC;2.10.2015;4;2414
60836;MSI;PC;31.12.2015;4;2424
60851;MSI;PC;30.03.2016;7;2308
60867;MSI;PC;28.06.2016;7;2458
60881;MSI;PC;26.09.2016;4;2279
60896;MSI;PC;25.12.2016;5;2227
60910;MSI;PC;25.03.2017;3;2275
60927;MSI;PC;23.06.2017;2;2426
60939;MSI;PC;21.09.2017;4;2195
60956;MSI;PC;20.12.2017;4;2249
60970;MSI;PC;20.03.2018;4;2130
60985;MSI;PC;18.06.2018;3;2161
60998;MSI;PC;16.09.2018;5;2224
61013;MSI;PC;15.12.2018;7;2172
61028;MSI;PC;15.03.2019;3;2326
61045;MSI;PC;13.06.2019;6;2181
60126;ASUS;PC;20.02.2003;2;4357
60128;ASUS;PC;2.03.2003;6;3581
60140;ASUS;PC;31.05.2003;4;5219
60146;ASUS;PC;10.06.2003;6;3933
60156;ASUS;PC;8.09.2003;1;5959
60158;ASUS;PC;18.09.2003;7;3384
60165;ASUS;PC;7.11.2003;7;3340
60173;ASUS;PC;27.12.2003;8;3855
60180;ASUS;PC;15.02.2004;6;3648
60187;ASUS;PC;5.04.2004;6;3760
60193;ASUS;PC;25.05.2004;8;3522
60203;ASUS;PC;14.07.2004;5;4253
60209;ASUS;PC;2.09.2004;5;4814
60221;ASUS;PC;1.12.2004;2;3861
60223;ASUS;PC;11.12.2004;8;3743
60231;ASUS;PC;30.01.2005;5;4824
60242;ASUS;PC;30.04.2005;3;5729
60249;ASUS;PC;19.06.2005;2;3776
60255;ASUS;PC;8.08.2005;3;4457
60265;ASUS;PC;27.09.2005;2;5727
60271;ASUS;PC;16.11.2005;4;4434
60274;ASUS;PC;26.11.2005;7;3354
60280;ASUS;PC;15.01.2006;5;5955
60292;ASUS;PC;15.04.2006;3;4652
60296;ASUS;PC;25.04.2006;7;3362
60306;ASUS;PC;24.07.2006;4;4935
60313;ASUS;PC;12.09.2006;4;4783
60323;ASUS;PC;1.11.2006;3;5819
60325;ASUS;PC;11.11.2006;6;3355
60335;ASUS;PC;9.02.2007;1;6131
60343;ASUS;PC;31.03.2007;1;5334
60346;ASUS;PC;10.04.2007;6;3232
60357;ASUS;PC;9.07.2007;1;5849
60360;ASUS;PC;19.07.2007;5;5141
60372;ASUS;PC;17.10.2007;2;6375
60379;ASUS;PC;6.12.2007;1;5217
60382;ASUS;PC;16.12.2007;5;5981
60394;ASUS;PC;15.03.2008;1;6289
60396;ASUS;PC;25.03.2008;7;3694
60408;ASUS;PC;23.06.2008;3;3807
60416;ASUS;PC;12.08.2008;4;3235
60423;ASUS;PC;1.10.2008;1;4865
60426;ASUS;PC;11.10.2008;7;3234
60433;ASUS;PC;30.11.2008;5;5098
60445;ASUS;PC;28.02.2009;1;5392
60447;ASUS;PC;10.03.2009;7;3255
60458;ASUS;PC;8.06.2009;1;6020
60464;ASUS;PC;28.07.2009;3;4243
60473;ASUS;PC;16.09.2009;3;5551
60475;ASUS;PC;26.09.2009;5;5940
60487;ASUS;PC;25.12.2009;1;5731
60490;ASUS;PC;4.01.2010;8;3809
60502;ASUS;PC;4.04.2010;2;5181
60509;ASUS;PC;24.05.2010;2;5689
60517;ASUS;PC;13.07.2010;2;4921
60526;ASUS;PC;1.09.2010;5;5090
60533;ASUS;PC;21.10.2010;1;5376
60536;ASUS;PC;31.10.2010;7;3466
60549;ASUS;PC;29.01.2011;1;5901
60552;ASUS;PC;8.02.2011;6;3564
60565;ASUS;PC;9.05.2011;3;4278
60567;ASUS;PC;19.05.2011;7;3891
60579;ASUS;PC;17.08.2011;4;3957
60583;ASUS;PC;27.08.2011;8;3142
60590;ASUS;PC;16.10.2011;8;3538
60602;ASUS;PC;14.01.2012;1;4868
60607;ASUS;PC;24.01.2012;5;4144
60619;ASUS;PC;23.04.2012;3;6265
60627;ASUS;PC;12.06.2012;3;3932
60629;ASUS;PC;22.06.2012;8;3350
60642;ASUS;PC;20.09.2012;2;3276
60644;ASUS;PC;30.09.2012;7;3388
60657;ASUS;PC;29.12.2012;2;3494
60659;ASUS;PC;8.01.2013;5;5115
60672;ASUS;PC;8.04.2013;1;5924
60675;ASUS;PC;18.04.2013;6;3871
60691;ASUS;PC;17.07.2013;1;5983
60697;ASUS;PC;5.09.2013;3;4464
60701;ASUS;PC;15.09.2013;5;5745
60709;ASUS;PC;4.11.2013;5;4029
60723;ASUS;PC;2.02.2014;2;3333
60730;ASUS;PC;24.03.2014;4;3536
60739;ASUS;PC;13.05.2014;1;5425
60741;ASUS;PC;23.05.2014;5;4513
60756;ASUS;PC;21.08.2014;4;3832
60762;ASUS;PC;10.10.2014;3;4920
60771;ASUS;PC;29.11.2014;1;5691
60779;ASUS;PC;18.01.2015;3;2842
60788;ASUS;PC;9.03.2015;2;3815
60796;ASUS;PC;28.04.2015;1;6072
60805;ASUS;PC;17.06.2015;2;5328
60812;ASUS;PC;6.08.2015;1;6409
60820;ASUS;PC;25.09.2015;3;2810
60828;ASUS;PC;14.11.2015;3;3771
60838;ASUS;PC;3.01.2016;1;5127
60840;ASUS;PC;13.01.2016;7;3404
60854;ASUS;PC;12.04.2016;2;4032
60861;ASUS;PC;1.06.2016;5;3334
60870;ASUS;PC;21.07.2016;2;5000
60878;ASUS;PC;9.09.2016;2;5868
60887;ASUS;PC;29.10.2016;4;4526
60889;ASUS;PC;8.11.2016;6;3132
60903;ASUS;PC;6.02.2017;3;5153
60905;ASUS;PC;16.02.2017;5;5557
60918;ASUS;PC;17.05.2017;5;3422
60921;ASUS;PC;27.05.2017;5;5974
60930;ASUS;PC;16.07.2017;5;5223
60943;ASUS;PC;14.10.2017;1;5719
60952;ASUS;PC;3.12.2017;2;5893
60954;ASUS;PC;13.12.2017;8;3727
60963;ASUS;PC;1.02.2018;6;3200
60976;ASUS;PC;2.05.2018;4;4661
60979;ASUS;PC;12.05.2018;8;3340
60987;ASUS;PC;1.07.2018;5;5075
61001;ASUS;PC;29.09.2018;3;3702
61004;ASUS;PC;9.10.2018;7;3473
61017;ASUS;PC;7.01.2019;1;5716
61024;ASUS;PC;26.02.2019;1;5782
61027;ASUS;PC;8.03.2019;7;3677
61036;ASUS;PC;27.04.2019;6;3554
61050;ASUS;PC;26.07.2019;1;5206
61052;ASUS;PC;5.08.2019;5;4042
61064;ASUS;PC;3.11.2019;3;4826
61066;ASUS;PC;13.11.2019;5;4951
61072;ASUS;PC;2.01.2020;5;5302
60141;MSI ;LAPTOP;1.06.2003;2;2145
60160;MSI ;LAPTOP;29.09.2003;1;2493
60176;MSI ;LAPTOP;27.01.2004;2;2002
60194;MSI ;LAPTOP;26.05.2004;1;1967
60213;MSI ;LAPTOP;23.09.2004;3;2562
60228;MSI ;LAPTOP;21.01.2005;3;2118
60244;MSI ;LAPTOP;21.05.2005;1;1757
60262;MSI ;LAPTOP;18.09.2005;1;1820
60281;MSI ;LAPTOP;16.01.2006;1;2202
60297;MSI ;LAPTOP;16.05.2006;1;1768
60314;MSI ;LAPTOP;13.09.2006;4;2386
60332;MSI ;LAPTOP;11.01.2007;4;2336
60348;MSI ;LAPTOP;11.05.2007;1;2022
60368;MSI ;LAPTOP;8.09.2007;1;2087
60385;MSI ;LAPTOP;6.01.2008;2;2027
60400;MSI ;LAPTOP;5.05.2008;2;2430
60419;MSI ;LAPTOP;2.09.2008;1;1896
60436;MSI ;LAPTOP;31.12.2008;2;2219
60454;MSI ;LAPTOP;30.04.2009;1;2038
60470;MSI ;LAPTOP;28.08.2009;1;2346
60488;MSI ;LAPTOP;26.12.2009;1;2386
60506;MSI ;LAPTOP;25.04.2010;7;2178
60525;MSI ;LAPTOP;23.08.2010;5;2285
60544;MSI ;LAPTOP;21.12.2010;4;2080
60561;MSI ;LAPTOP;20.04.2011;5;2465
60580;MSI ;LAPTOP;18.08.2011;5;2335
60598;MSI ;LAPTOP;16.12.2011;6;2226
60610;MSI ;LAPTOP;29.02.2012;5;2424
60630;MSI ;LAPTOP;28.06.2012;5;2437
60648;MSI ;LAPTOP;26.10.2012;6;2273
60666;MSI ;LAPTOP;23.02.2013;8;2329
60678;MSI ;LAPTOP;24.04.2013;10;2529
60685;MSI ;LAPTOP;23.06.2013;10;2339
60696;MSI ;LAPTOP;22.08.2013;7;2664
60706;MSI ;LAPTOP;21.10.2013;8;2663
60716;MSI ;LAPTOP;20.12.2013;7;2553
60725;MSI ;LAPTOP;18.02.2014;9;2536
60736;MSI ;LAPTOP;19.04.2014;9;2457
60745;MSI ;LAPTOP;18.06.2014;6;2509
60754;MSI ;LAPTOP;17.08.2014;6;2457
60763;MSI ;LAPTOP;16.10.2014;6;2386
60774;MSI ;LAPTOP;15.12.2014;10;2892
60784;MSI ;LAPTOP;13.02.2015;8;2750
60795;MSI ;LAPTOP;14.04.2015;9;2533
60802;MSI ;LAPTOP;13.06.2015;10;2780
60814;MSI ;LAPTOP;12.08.2015;9;2659
60824;MSI ;LAPTOP;11.10.2015;7;2683
60834;MSI ;LAPTOP;10.12.2015;7;2878
60843;MSI ;LAPTOP;8.02.2016;9;3034
60853;MSI ;LAPTOP;8.04.2016;11;3059
60862;MSI ;LAPTOP;7.06.2016;11;2596
60874;MSI ;LAPTOP;6.08.2016;7;2837
60882;MSI ;LAPTOP;5.10.2016;8;2605
60893;MSI ;LAPTOP;4.12.2016;8;3022
60901;MSI ;LAPTOP;2.02.2017;8;2776
60913;MSI ;LAPTOP;3.04.2017;7;3065
60922;MSI ;LAPTOP;2.06.2017;11;2783
60933;MSI ;LAPTOP;1.08.2017;8;2902
60941;MSI ;LAPTOP;30.09.2017;9;2982
60951;MSI ;LAPTOP;29.11.2017;8;2866
60960;MSI ;LAPTOP;28.01.2018;10;2897
60972;MSI ;LAPTOP;29.03.2018;10;3292
60981;MSI ;LAPTOP;28.05.2018;7;3100
60992;MSI ;LAPTOP;27.07.2018;7;3076
60999;MSI ;LAPTOP;25.09.2018;6;2785
61010;MSI ;LAPTOP;24.11.2018;8;2976
61020;MSI ;LAPTOP;23.01.2019;8;3027
61030;MSI ;LAPTOP;24.03.2019;9;2856
61039;MSI ;LAPTOP;23.05.2019;8;3146
61049;MSI ;LAPTOP;22.07.2019;9;3199
61057;MSI ;LAPTOP;20.09.2019;10;3407
61068;MSI ;LAPTOP;19.11.2019;8;2980
61073;MSI ;LAPTOP;18.01.2020;10;3387
